✔ Tests passed

  Output
  ------

  $ truffle test --network test

  Compiling your contracts...
  ===========================
  > Compiling ./contracts/Gravity.sol
  > Compiling ./contracts/Migrations.sol
  > Artifacts written to TEMPDIR
  > Compiled successfully using:
     - solc: 0.4.25+commit.59dbf8f1.Emscripten.clang



    Contract: Basic event handlers
      ✓ all events are indexed


    1 passing (TIME REDACTED)
