- Configure Docker Compose
✔ Configure Docker Compose
- Start Graph Node
✔ Start Graph Node
- Run tests
✔ Run tests
