- Load subgraph from subgraph.yaml
âœ– Failed to load subgraph from subgraph.yaml: Error in subgraph.yaml:

  Path: dataSources > 0 > source > abi
  ABI name 'NonExistentAbi' not found in mapping > abis.
  Available ABIs:
  - FirstAbi
  - SecondAbi
