  Path: dataSources > 0 > eventHandlers > 0
  Event with signature 'ExampleEvent(string,uint256)' not present in ABI 'ExampleContract'.
  Available events:
  - ExampleEvent(string)