- Apply migrations
  Apply migration: Bump mapping apiVersion from 0.0.1 to 0.0.2
- Apply migrations
✔ Apply migrations
- Load subgraph from subgraph.yaml
✖ Failed to load subgraph from subgraph.yaml: Error in subgraph.yaml:

  Path: dataSources > 0 > eventHandlers > 0
  Event with signature 'ExampleEvent(string,uint256)' not present in ABI 'ExampleContract'.
  Available events:
  - ExampleEvent(string)
