- Load subgraph from subgraph.yaml
âœ– Failed to load subgraph from subgraph.yaml: Error in schema.graphql:

  Result:
  - Field 'value': Unknown type 'Invalid'.
