- Load subgraph from subgraph.yaml
âœ– Failed to load subgraph from subgraph.yaml: Error in subgraph.yaml:

  Path: dataSources > 0 > mapping > abis > 0 > file
  File does not exist: Abi.json

  Path: templates > 0 > kind
  No value provided
