- Load subgraph from subgraph.yaml
âœ– Failed to load subgraph from subgraph.yaml: Error in subgraph.yaml:

  Path: templates > 0 > kind
  Templates of kind "not/supported" are not supported
