- Load subgraph from subgraph.yaml
âœ– Failed to load subgraph from subgraph.yaml: Error in mutations/mutations.yaml:

  Path: mutations > file
  Missing closing "quote
