- Load subgraph from subgraph.yaml
âœ– Failed to load subgraph from subgraph.yaml: Error in subgraph.yaml:

  Path: mutations > specVersion
  No value provided

  Path: mutations > schema > file
  File does not exist: nonexistent.graphql

  Path: mutations > resolvers > kind
  No value provided

  Path: mutations > resolvers > file
  File does not exist: dist/index.js
