- Apply migrations
  Apply migration: Bump mapping apiVersion from 0.0.1 to 0.0.2
- Apply migrations
✔ Apply migrations
- Load subgraph from subgraph.yaml
✖ Failed to load subgraph from subgraph.yaml: Error in subgraph.yaml:

  Path: dataSources > 0 > mapping > abis > 0 > file
  No valid ABI in file: InvalidAbi.json
