- Load subgraph from subgraph.yaml
âœ– Failed to load subgraph from subgraph.yaml: Error in schema.graphql:

  GravatarOptions:
  - Field 'displayName': Unknown type 'Invalid'.
