Failed to generate types: Failed to load subgraph: Error in subgraph.yaml:

  Path: dataSources > 0 > mapping > abis > 0 > file
  No valid ABI in file: InvalidAbi.json
