Failed to generate types: Failed to load subgraph: Error in schema.graphql:

  MyEntity:
  - Missing field: id: ID!
