- Load subgraph from subgraph.yaml
âœ– Failed to load subgraph from subgraph.yaml: Error in schema.graphql:

  Mutation:
  - Mutation type not found
