- Load subgraph from subgraph.yaml
âœ– Failed to load subgraph from subgraph.yaml: Error in schema.graphql:

  Result:
  - Field 'values': Unknown type 'InvalidType'.
