- Load subgraph from subgraph.yaml
âœ– Failed to load subgraph from subgraph.yaml: Error in subgraph.yaml:

  Path: mutations > resolvers > file
  config property 'prop3' must take one argument
