- Load subgraph from subgraph.yaml
âœ– Failed to load subgraph from subgraph.yaml: Error in subgraph.yaml:

  Path: mutations > resolvers > file
  resolvers module is not ES5 compliant. Error: SyntaxError: Unexpected token (4:23)
