- Load subgraph from subgraph.yaml
âœ– Failed to load subgraph from subgraph.yaml: Error in subgraph.yaml:

  Path: mutations > resolvers > file
  'Mutation' object not found in the resolvers object
