- Load subgraph from subgraph.yaml
âœ– Failed to load subgraph from subgraph.yaml: Error in subgraph.yaml:

  Path: mutations > resolvers > kind
  Mutation resolvers of kind "UnsupportedLanguage" are not supported
